// Jest Snapshot v1, https://goo.gl/fbAQLP

exports[`BOOKINGS COMPONENTS should render all form elements 1`] = `
Object {
  "asFragment": [Function],
  "baseElement": <body>
    <div>
      <div>
        <div>
          <form
            class="form_container"
            style="padding-left: 20px;"
          >
            <div
              class=""
              style="padding: 15px;"
            >
              <h5
                data-testid="form-title"
                style="margin-left: 25px;"
              >
                Filter bookings by :
              </h5>
              <div
                class="align-items-center"
              >
                <div
                  class="input-container"
                >
                  <input
                    class="form-control"
                    data-testid="dep-input"
                    placeholder="Department"
                    type="text"
                    value=""
                  />
                </div>
                <div
                  class="input-container"
                >
                  <input
                    class="form-control"
                    data-testid="price-min"
                    placeholder="Price min"
                    type="text"
                    value="0"
                  />
                </div>
                <div
                  class="input-container"
                >
                  <input
                    class="form-control"
                    data-testid="price-max"
                    placeholder="Price max"
                    type="text"
                    value="3000"
                  />
                </div>
                <div
                  class="input-container"
                  style="margin-top: 5px;"
                >
                  <div
                    class="form-check"
                  >
                    <input
                      class="form-check-input"
                      data-testid="furnished-input"
                      id="autoSizingCheck2"
                      type="checkbox"
                    />
                    <label
                      class="form-check-label"
                      for="autoSizingCheck2"
                      style="font-size: 13px;"
                    >
                      Furnished
                    </label>
                  </div>
                </div>
                <div
                  class="btn_container"
                >
                  <button
                    class="btn btn-primary search-btn"
                    data-testid="submit-btn"
                    disabled=""
                    style="background: white; color: rgb(128, 94, 228); margin: 6px 0px; float: right;"
                    type="button"
                  >
                    Search for booking
                  </button>
                </div>
              </div>
            </div>
          </form>
          <div
            class="map_container"
            data-testid="map-container"
          >
            <div
              style="width: 600px; height: 400px; position: relative; display: inline-block; overflow: hidden; background: rgb(221, 221, 221);"
            >
              <div
                class=""
                style="width: 600px; height: 400px; position: absolute; top: 0px; left: 0px; overflow: hidden; will-change: transform; transform: scale(1, 1); transform-origin: top left;"
              >
                <div
                  style="position: absolute; width: 768px; height: 512px; will-change: transform; transform: translate(-141.99917795555666px, -55.99451764067635px);"
                >
                  <img
                    height="256"
                    loading="lazy"
                    src="https://stamen-tiles.a.ssl.fastly.net/toner/12/2073/1408.png"
                    srcset=""
                    style="position: absolute; left: 0px; top: 0px; will-change: transform; transform-origin: top left; opacity: 1;"
                    width="256"
                  />
                  <img
                    height="256"
                    loading="lazy"
                    src="https://stamen-tiles.a.ssl.fastly.net/toner/12/2073/1409.png"
                    srcset=""
                    style="position: absolute; left: 0px; top: 256px; will-change: transform; transform-origin: top left; opacity: 1;"
                    width="256"
                  />
                  <img
                    height="256"
                    loading="lazy"
                    src="https://stamen-tiles.a.ssl.fastly.net/toner/12/2074/1408.png"
                    srcset=""
                    style="position: absolute; left: 256px; top: 0px; will-change: transform; transform-origin: top left; opacity: 1;"
                    width="256"
                  />
                  <img
                    height="256"
                    loading="lazy"
                    src="https://stamen-tiles.a.ssl.fastly.net/toner/12/2074/1409.png"
                    srcset=""
                    style="position: absolute; left: 256px; top: 256px; will-change: transform; transform-origin: top left; opacity: 1;"
                    width="256"
                  />
                  <img
                    height="256"
                    loading="lazy"
                    src="https://stamen-tiles.a.ssl.fastly.net/toner/12/2075/1408.png"
                    srcset=""
                    style="position: absolute; left: 512px; top: 0px; will-change: transform; transform-origin: top left; opacity: 1;"
                    width="256"
                  />
                  <img
                    height="256"
                    loading="lazy"
                    src="https://stamen-tiles.a.ssl.fastly.net/toner/12/2075/1409.png"
                    srcset=""
                    style="position: absolute; left: 512px; top: 256px; will-change: transform; transform-origin: top left; opacity: 1;"
                    width="256"
                  />
                </div>
              </div>
              <div
                style="position: absolute; width: 600px; height: 400px; top: 0px; left: 0px;"
              >
                <div
                  class=""
                  style="position: absolute; transform: translate(180px, 121px);"
                >
                  <img
                    alt=""
                    height="158"
                    src="pigeon.jpg"
                    width="240"
                  />
                </div>
              </div>
              <div
                class="pigeon-attribution"
                style="position: absolute; bottom: 0px; right: 0px; font-size: 11px; padding: 2px 5px; background: rgba(255, 255, 255, 0.7); font-family: 'Helvetica Neue', Helvetica, Arial, sans-serif; color: rgb(51, 51, 51);"
              >
                <span>
                  <a
                    href="https://pigeon-maps.js.org/"
                    style="color: rgb(0, 120, 168); text-decoration: none;"
                  >
                    Pigeon
                  </a>
                   | 
                </span>
                <span>
                   Â© 
                  <a
                    href="https://www.openstreetmap.org/copyright"
                    style="color: rgb(0, 120, 168); text-decoration: none;"
                  >
                    OpenStreetMap
                  </a>
                   contributors
                </span>
              </div>
            </div>
          </div>
        </div>
        <div
          class="img_container"
        >
          <div
            style="margin-top: 20px;"
          >
            <br />
          </div>
        </div>
      </div>
    </div>
  </body>,
  "container": <div>
    <div>
      <div>
        <form
          class="form_container"
          style="padding-left: 20px;"
        >
          <div
            class=""
            style="padding: 15px;"
          >
            <h5
              data-testid="form-title"
              style="margin-left: 25px;"
            >
              Filter bookings by :
            </h5>
            <div
              class="align-items-center"
            >
              <div
                class="input-container"
              >
                <input
                  class="form-control"
                  data-testid="dep-input"
                  placeholder="Department"
                  type="text"
                  value=""
                />
              </div>
              <div
                class="input-container"
              >
                <input
                  class="form-control"
                  data-testid="price-min"
                  placeholder="Price min"
                  type="text"
                  value="0"
                />
              </div>
              <div
                class="input-container"
              >
                <input
                  class="form-control"
                  data-testid="price-max"
                  placeholder="Price max"
                  type="text"
                  value="3000"
                />
              </div>
              <div
                class="input-container"
                style="margin-top: 5px;"
              >
                <div
                  class="form-check"
                >
                  <input
                    class="form-check-input"
                    data-testid="furnished-input"
                    id="autoSizingCheck2"
                    type="checkbox"
                  />
                  <label
                    class="form-check-label"
                    for="autoSizingCheck2"
                    style="font-size: 13px;"
                  >
                    Furnished
                  </label>
                </div>
              </div>
              <div
                class="btn_container"
              >
                <button
                  class="btn btn-primary search-btn"
                  data-testid="submit-btn"
                  disabled=""
                  style="background: white; color: rgb(128, 94, 228); margin: 6px 0px; float: right;"
                  type="button"
                >
                  Search for booking
                </button>
              </div>
            </div>
          </div>
        </form>
        <div
          class="map_container"
          data-testid="map-container"
        >
          <div
            style="width: 600px; height: 400px; position: relative; display: inline-block; overflow: hidden; background: rgb(221, 221, 221);"
          >
            <div
              class=""
              style="width: 600px; height: 400px; position: absolute; top: 0px; left: 0px; overflow: hidden; will-change: transform; transform: scale(1, 1); transform-origin: top left;"
            >
              <div
                style="position: absolute; width: 768px; height: 512px; will-change: transform; transform: translate(-141.99917795555666px, -55.99451764067635px);"
              >
                <img
                  height="256"
                  loading="lazy"
                  src="https://stamen-tiles.a.ssl.fastly.net/toner/12/2073/1408.png"
                  srcset=""
                  style="position: absolute; left: 0px; top: 0px; will-change: transform; transform-origin: top left; opacity: 1;"
                  width="256"
                />
                <img
                  height="256"
                  loading="lazy"
                  src="https://stamen-tiles.a.ssl.fastly.net/toner/12/2073/1409.png"
                  srcset=""
                  style="position: absolute; left: 0px; top: 256px; will-change: transform; transform-origin: top left; opacity: 1;"
                  width="256"
                />
                <img
                  height="256"
                  loading="lazy"
                  src="https://stamen-tiles.a.ssl.fastly.net/toner/12/2074/1408.png"
                  srcset=""
                  style="position: absolute; left: 256px; top: 0px; will-change: transform; transform-origin: top left; opacity: 1;"
                  width="256"
                />
                <img
                  height="256"
                  loading="lazy"
                  src="https://stamen-tiles.a.ssl.fastly.net/toner/12/2074/1409.png"
                  srcset=""
                  style="position: absolute; left: 256px; top: 256px; will-change: transform; transform-origin: top left; opacity: 1;"
                  width="256"
                />
                <img
                  height="256"
                  loading="lazy"
                  src="https://stamen-tiles.a.ssl.fastly.net/toner/12/2075/1408.png"
                  srcset=""
                  style="position: absolute; left: 512px; top: 0px; will-change: transform; transform-origin: top left; opacity: 1;"
                  width="256"
                />
                <img
                  height="256"
                  loading="lazy"
                  src="https://stamen-tiles.a.ssl.fastly.net/toner/12/2075/1409.png"
                  srcset=""
                  style="position: absolute; left: 512px; top: 256px; will-change: transform; transform-origin: top left; opacity: 1;"
                  width="256"
                />
              </div>
            </div>
            <div
              style="position: absolute; width: 600px; height: 400px; top: 0px; left: 0px;"
            >
              <div
                class=""
                style="position: absolute; transform: translate(180px, 121px);"
              >
                <img
                  alt=""
                  height="158"
                  src="pigeon.jpg"
                  width="240"
                />
              </div>
            </div>
            <div
              class="pigeon-attribution"
              style="position: absolute; bottom: 0px; right: 0px; font-size: 11px; padding: 2px 5px; background: rgba(255, 255, 255, 0.7); font-family: 'Helvetica Neue', Helvetica, Arial, sans-serif; color: rgb(51, 51, 51);"
            >
              <span>
                <a
                  href="https://pigeon-maps.js.org/"
                  style="color: rgb(0, 120, 168); text-decoration: none;"
                >
                  Pigeon
                </a>
                 | 
              </span>
              <span>
                 Â© 
                <a
                  href="https://www.openstreetmap.org/copyright"
                  style="color: rgb(0, 120, 168); text-decoration: none;"
                >
                  OpenStreetMap
                </a>
                 contributors
              </span>
            </div>
          </div>
        </div>
      </div>
      <div
        class="img_container"
      >
        <div
          style="margin-top: 20px;"
        >
          <br />
        </div>
      </div>
    </div>
  </div>,
  "debug": [Function],
  "findAllByAltText": [Function],
  "findAllByDisplayValue": [Function],
  "findAllByLabelText": [Function],
  "findAllByPlaceholderText": [Function],
  "findAllByRole": [Function],
  "findAllByTestId": [Function],
  "findAllByText": [Function],
  "findAllByTitle": [Function],
  "findByAltText": [Function],
  "findByDisplayValue": [Function],
  "findByLabelText": [Function],
  "findByPlaceholderText": [Function],
  "findByRole": [Function],
  "findByTestId": [Function],
  "findByText": [Function],
  "findByTitle": [Function],
  "getAllByAltText": [Function],
  "getAllByDisplayValue": [Function],
  "getAllByLabelText": [Function],
  "getAllByPlaceholderText": [Function],
  "getAllByRole": [Function],
  "getAllByTestId": [Function],
  "getAllByText": [Function],
  "getAllByTitle": [Function],
  "getByAltText": [Function],
  "getByDisplayValue": [Function],
  "getByLabelText": [Function],
  "getByPlaceholderText": [Function],
  "getByRole": [Function],
  "getByTestId": [Function],
  "getByText": [Function],
  "getByTitle": [Function],
  "queryAllByAltText": [Function],
  "queryAllByDisplayValue": [Function],
  "queryAllByLabelText": [Function],
  "queryAllByPlaceholderText": [Function],
  "queryAllByRole": [Function],
  "queryAllByTestId": [Function],
  "queryAllByText": [Function],
  "queryAllByTitle": [Function],
  "queryByAltText": [Function],
  "queryByDisplayValue": [Function],
  "queryByLabelText": [Function],
  "queryByPlaceholderText": [Function],
  "queryByRole": [Function],
  "queryByTestId": [Function],
  "queryByText": [Function],
  "queryByTitle": [Function],
  "rerender": [Function],
  "unmount": [Function],
}
`;
